{
    "@context": "\/api\/v2\/contexts\/ConstraintViolationList",
    "@type": "ConstraintViolationList",
    "hydra:title": "An error occurred",
    "hydra:description": "translations[en_US].locale: Translation in \"en_US\" locale already exists.",
    "violations": [
        {
            "propertyPath": "translations[en_US].locale",
            "message": "Translation in \"en_US\" locale already exists.",
            "code": @string@
        }
    ]
}
