{
    "@context": "\/api\/v2\/contexts\/Adjustment",
    "@id": "\/api\/v2\/admin\/adjustments",
    "@type": "hydra:Collection",
    "hydra:member": [
        {
            "@id": "\/api\/v2\/admin\/adjustments\/@integer@",
            "@type": "Adjustment",
            "id": @integer@,
            "order": "\/api\/v2\/admin\/orders\/nAWw2jewpA",
            "type": "shipping",
            "label": "UPS",
            "amount": @integer@,
            "neutral": false,
            "locked": false,
            "order_item": null,
            "order_item_unit": null
        }
    ],
    "hydra:totalItems": 1,
    "hydra:view": {
        "@id": "\/api\/v2\/admin\/adjustments?order.tokenValue=nAWw2jewpA",
        "@type": "hydra:PartialCollectionView"
    },
    "hydra:search": {
        "@type": "hydra:IriTemplate",
        "hydra:template": "\/api\/v2\/admin\/adjustments{?order.tokenValue,order.tokenValue[]}",
        "hydra:variableRepresentation": "BasicRepresentation",
        "hydra:mapping": [
            {
                "@type": "IriTemplateMapping",
                "variable": "order.tokenValue",
                "property": "order.tokenValue",
                "required": false
            },
            {
                "@type": "IriTemplateMapping",
                "variable": "order.tokenValue[]",
                "property": "order.tokenValue",
                "required": false
            }
        ]
    }
}
