{
    "@context": "\/api\/v2\/contexts\/Adjustment",
    "@id": "\/api\/v2\/admin\/order-items\/@integer@\/adjustments",
    "@type": "hydra:Collection",
    "hydra:member": [
        {
            "@id": "\/api\/v2\/admin\/adjustments\/@integer@",
            "@type": "Adjustment"
        }
    ],
    "hydra:totalItems": 1
}
