{
    "sales": [
        {
            "period": "2023-01",
            "total": 2500
        },
        {
            "period": "2023-02",
            "total": 0
        },
        {
            "period": "2023-03",
            "total": 0
        },
        {
            "period": "2023-04",
            "total": 0
        },
        {
            "period": "2023-05",
            "total": 0
        },
        {
            "period": "2023-06",
            "total": 0
        },
        {
            "period": "2023-07",
            "total": 0
        },
        {
            "period": "2023-08",
            "total": 0
        },
        {
            "period": "2023-09",
            "total": 0
        },
        {
            "period": "2023-10",
            "total": 0
        },
        {
            "period": "2023-11",
            "total": 0
        },
        {
            "period": "2023-12",
            "total": 0
        }
    ],
    "businessActivitySummary": {
        "totalSales": 2500,
        "paidOrdersCount": 1,
        "newCustomersCount": 0,
        "averageOrderValue": 2500
    }
}
