{
    "@context": "\/api\/v2\/contexts\/ProductImage",
    "@id": "\/api\/v2\/admin\/products/MUG/images",
    "@type": "hydra:Collection",
    "hydra:member": [
        {
            "@id": "\/api\/v2\/admin\/product-images\/@integer@",
            "@type": "ProductImage",
            "id": "@integer@",
            "type": "thumbnail",
            "path": "\/media\/image\/uo\/thumbnail.jpg"
        }
    ],
    "hydra:totalItems": 1
}
