{
    "@context": "\/api\/v2\/contexts\/ProductImage",
    "@id": "\/api\/v2\/admin\/product-images",
    "@type": "hydra:Collection",
    "hydra:member": [
        {
            "@id": "\/api\/v2\/admin\/product-images\/@integer@",
            "@type": "ProductImage",
            "id": "@integer@",
            "owner": "\/api\/v2\/admin\/products\/MUG",
            "type": "thumbnail",
            "path": "\/media\/image\/uo\/thumbnail.jpg"
        },
        {
            "@id": "\/api\/v2\/admin\/product-images\/@integer@",
            "@type": "ProductImage",
            "id": "@integer@",
            "owner": "\/api\/v2\/admin\/products\/CAP",
            "type": "banner",
            "path": "\/media\/image\/uo\/banner.jpg"
        }
    ],
    "hydra:totalItems": 2
}
