{
    "@context": "\/api\/v2\/contexts\/PaymentMethod",
    "@id": "\/api\/v2\/shop\/payment-methods\/PAYPAL",
    "@type": "PaymentMethod",
    "id": @integer@,
    "code": "PAYPAL",
    "position": 3,
    "name": "PayPal",
    "description": "Ex aliquid eveniet harum temporibus voluptatem et eligendi aperiam. Odit corrupti odio earum esse ab.",
    "instructions": null
}
